Analysis & Synthesis report for SerialAudioTransmission
Thu Jun 05 11:14:15 2025
Quartus Prime Version 20.1.1 Build 720 11/11/2020 SJ Lite Edition


---------------------
; Table of Contents ;
---------------------
  1. Legal Notice
  2. Analysis & Synthesis Summary
  3. Analysis & Synthesis Settings
  4. Parallel Compilation
  5. Analysis & Synthesis Source Files Read
  6. Analysis & Synthesis Resource Usage Summary
  7. Analysis & Synthesis Resource Utilization by Entity
  8. State Machine - |SerialAudioTransmission|UART_TX:UART_TX|Next_State
  9. State Machine - |SerialAudioTransmission|UART_TX:UART_TX|State
 10. Registers Removed During Synthesis
 11. General Register Statistics
 12. Multiplexer Restructuring Statistics (Restructuring Performed)
 13. Parameter Settings for User Entity Instance: Top-level Entity: |SerialAudioTransmission
 14. Parameter Settings for User Entity Instance: UART_TX:UART_TX
 15. Port Connectivity Checks: "UART_TX:UART_TX|PISO_ShiftRegister:TX_Shift_Register"
 16. Port Connectivity Checks: "UART_TX:UART_TX"
 17. Post-Synthesis Netlist Statistics for Top Partition
 18. Elapsed Time Per Partition
 19. Analysis & Synthesis Messages



----------------
; Legal Notice ;
----------------
Copyright (C) 2020  Intel Corporation. All rights reserved.
Your use of Intel Corporation's design tools, logic functions 
and other software and tools, and any partner logic 
functions, and any output files from any of the foregoing 
(including device programming or simulation files), and any 
associated documentation or information are expressly subject 
to the terms and conditions of the Intel Program License 
Subscription Agreement, the Intel Quartus Prime License Agreement,
the Intel FPGA IP License Agreement, or other applicable license
agreement, including, without limitation, that your use is for
the sole purpose of programming logic devices manufactured by
Intel and sold by Intel or its authorized distributors.  Please
refer to the applicable agreement for further details, at
https://fpgasoftware.intel.com/eula.



+----------------------------------------------------------------------------------+
; Analysis & Synthesis Summary                                                     ;
+------------------------------------+---------------------------------------------+
; Analysis & Synthesis Status        ; Successful - Thu Jun 05 11:14:14 2025       ;
; Quartus Prime Version              ; 20.1.1 Build 720 11/11/2020 SJ Lite Edition ;
; Revision Name                      ; SerialAudioTransmission                     ;
; Top-level Entity Name              ; SerialAudioTransmission                     ;
; Family                             ; MAX 10                                      ;
; Total logic elements               ; 43                                          ;
;     Total combinational functions  ; 35                                          ;
;     Dedicated logic registers      ; 35                                          ;
; Total registers                    ; 35                                          ;
; Total pins                         ; 23                                          ;
; Total virtual pins                 ; 0                                           ;
; Total memory bits                  ; 0                                           ;
; Embedded Multiplier 9-bit elements ; 0                                           ;
; Total PLLs                         ; 0                                           ;
; UFM blocks                         ; 0                                           ;
; ADC blocks                         ; 0                                           ;
+------------------------------------+---------------------------------------------+


+----------------------------------------------------------------------------------------------------------------------+
; Analysis & Synthesis Settings                                                                                        ;
+------------------------------------------------------------------+-------------------------+-------------------------+
; Option                                                           ; Setting                 ; Default Value           ;
+------------------------------------------------------------------+-------------------------+-------------------------+
; Device                                                           ; 10M50DAF484C6GES        ;                         ;
; Top-level entity name                                            ; SerialAudioTransmission ; SerialAudioTransmission ;
; Family name                                                      ; MAX 10                  ; Cyclone V               ;
; Use smart compilation                                            ; Off                     ; Off                     ;
; Enable parallel Assembler and Timing Analyzer during compilation ; On                      ; On                      ;
; Enable compact report table                                      ; Off                     ; Off                     ;
; Restructure Multiplexers                                         ; Auto                    ; Auto                    ;
; Create Debugging Nodes for IP Cores                              ; Off                     ; Off                     ;
; Preserve fewer node names                                        ; On                      ; On                      ;
; Intel FPGA IP Evaluation Mode                                    ; Enable                  ; Enable                  ;
; Verilog Version                                                  ; Verilog_2001            ; Verilog_2001            ;
; VHDL Version                                                     ; VHDL_1993               ; VHDL_1993               ;
; State Machine Processing                                         ; Auto                    ; Auto                    ;
; Safe State Machine                                               ; Off                     ; Off                     ;
; Extract Verilog State Machines                                   ; On                      ; On                      ;
; Extract VHDL State Machines                                      ; On                      ; On                      ;
; Ignore Verilog initial constructs                                ; Off                     ; Off                     ;
; Iteration limit for constant Verilog loops                       ; 5000                    ; 5000                    ;
; Iteration limit for non-constant Verilog loops                   ; 250                     ; 250                     ;
; Add Pass-Through Logic to Inferred RAMs                          ; On                      ; On                      ;
; Infer RAMs from Raw Logic                                        ; On                      ; On                      ;
; Parallel Synthesis                                               ; On                      ; On                      ;
; DSP Block Balancing                                              ; Auto                    ; Auto                    ;
; NOT Gate Push-Back                                               ; On                      ; On                      ;
; Power-Up Don't Care                                              ; On                      ; On                      ;
; Remove Redundant Logic Cells                                     ; Off                     ; Off                     ;
; Remove Duplicate Registers                                       ; On                      ; On                      ;
; Ignore CARRY Buffers                                             ; Off                     ; Off                     ;
; Ignore CASCADE Buffers                                           ; Off                     ; Off                     ;
; Ignore GLOBAL Buffers                                            ; Off                     ; Off                     ;
; Ignore ROW GLOBAL Buffers                                        ; Off                     ; Off                     ;
; Ignore LCELL Buffers                                             ; Off                     ; Off                     ;
; Ignore SOFT Buffers                                              ; On                      ; On                      ;
; Limit AHDL Integers to 32 Bits                                   ; Off                     ; Off                     ;
; Optimization Technique                                           ; Balanced                ; Balanced                ;
; Carry Chain Length                                               ; 70                      ; 70                      ;
; Auto Carry Chains                                                ; On                      ; On                      ;
; Auto Open-Drain Pins                                             ; On                      ; On                      ;
; Perform WYSIWYG Primitive Resynthesis                            ; Off                     ; Off                     ;
; Auto ROM Replacement                                             ; On                      ; On                      ;
; Auto RAM Replacement                                             ; On                      ; On                      ;
; Auto DSP Block Replacement                                       ; On                      ; On                      ;
; Auto Shift Register Replacement                                  ; Auto                    ; Auto                    ;
; Allow Shift Register Merging across Hierarchies                  ; Auto                    ; Auto                    ;
; Auto Clock Enable Replacement                                    ; On                      ; On                      ;
; Strict RAM Replacement                                           ; Off                     ; Off                     ;
; Allow Synchronous Control Signals                                ; On                      ; On                      ;
; Force Use of Synchronous Clear Signals                           ; Off                     ; Off                     ;
; Auto RAM Block Balancing                                         ; On                      ; On                      ;
; Auto RAM to Logic Cell Conversion                                ; Off                     ; Off                     ;
; Auto Resource Sharing                                            ; Off                     ; Off                     ;
; Allow Any RAM Size For Recognition                               ; Off                     ; Off                     ;
; Allow Any ROM Size For Recognition                               ; Off                     ; Off                     ;
; Allow Any Shift Register Size For Recognition                    ; Off                     ; Off                     ;
; Use LogicLock Constraints during Resource Balancing              ; On                      ; On                      ;
; Ignore translate_off and synthesis_off directives                ; Off                     ; Off                     ;
; Timing-Driven Synthesis                                          ; On                      ; On                      ;
; Report Parameter Settings                                        ; On                      ; On                      ;
; Report Source Assignments                                        ; On                      ; On                      ;
; Report Connectivity Checks                                       ; On                      ; On                      ;
; Ignore Maximum Fan-Out Assignments                               ; Off                     ; Off                     ;
; Synchronization Register Chain Length                            ; 2                       ; 2                       ;
; Power Optimization During Synthesis                              ; Normal compilation      ; Normal compilation      ;
; HDL message level                                                ; Level2                  ; Level2                  ;
; Suppress Register Optimization Related Messages                  ; Off                     ; Off                     ;
; Number of Removed Registers Reported in Synthesis Report         ; 5000                    ; 5000                    ;
; Number of Swept Nodes Reported in Synthesis Report               ; 5000                    ; 5000                    ;
; Number of Inverted Registers Reported in Synthesis Report        ; 100                     ; 100                     ;
; Clock MUX Protection                                             ; On                      ; On                      ;
; Auto Gated Clock Conversion                                      ; Off                     ; Off                     ;
; Block Design Naming                                              ; Auto                    ; Auto                    ;
; SDC constraint protection                                        ; Off                     ; Off                     ;
; Synthesis Effort                                                 ; Auto                    ; Auto                    ;
; Shift Register Replacement - Allow Asynchronous Clear Signal     ; On                      ; On                      ;
; Pre-Mapping Resynthesis Optimization                             ; Off                     ; Off                     ;
; Analysis & Synthesis Message Level                               ; Medium                  ; Medium                  ;
; Disable Register Merging Across Hierarchies                      ; Auto                    ; Auto                    ;
; Resource Aware Inference For Block RAM                           ; On                      ; On                      ;
+------------------------------------------------------------------+-------------------------+-------------------------+


+------------------------------------------+
; Parallel Compilation                     ;
+----------------------------+-------------+
; Processors                 ; Number      ;
+----------------------------+-------------+
; Number detected on machine ; 12          ;
; Maximum allowed            ; 12          ;
;                            ;             ;
; Average used               ; 1.00        ;
; Maximum used               ; 12          ;
;                            ;             ;
; Usage by Processor         ; % Time Used ;
;     Processor 1            ; 100.0%      ;
;     Processors 2-12        ;   0.0%      ;
+----------------------------+-------------+


+--------------------------------------------------------------------------------------------------------------------------------------------------------------------------------------------+
; Analysis & Synthesis Source Files Read                                                                                                                                                     ;
+----------------------------------+-----------------+------------------------+----------------------------------------------------------------------------------------------------+---------+
; File Name with User-Entered Path ; Used in Netlist ; File Type              ; File Name with Absolute Path                                                                       ; Library ;
+----------------------------------+-----------------+------------------------+----------------------------------------------------------------------------------------------------+---------+
; ../UART_TX.v                     ; yes             ; User Verilog HDL File  ; D:/School/Side Learning/Personal FPGA/SerialAudioTransmission/UART_TX.v                            ;         ;
; ../Timer_2_17us.v                ; yes             ; User Verilog HDL File  ; D:/School/Side Learning/Personal FPGA/SerialAudioTransmission/Timer_2_17us.v                       ;         ;
; ../PISO_ShiftRegister.v          ; yes             ; User Verilog HDL File  ; D:/School/Side Learning/Personal FPGA/SerialAudioTransmission/PISO_ShiftRegister.v                 ;         ;
; SerialAudioTransmission.v        ; yes             ; User Verilog HDL File  ; D:/School/Side Learning/Personal FPGA/SerialAudioTransmission/.gitignore/SerialAudioTransmission.v ;         ;
+----------------------------------+-----------------+------------------------+----------------------------------------------------------------------------------------------------+---------+


+--------------------------------------------------------------+
; Analysis & Synthesis Resource Usage Summary                  ;
+---------------------------------------------+----------------+
; Resource                                    ; Usage          ;
+---------------------------------------------+----------------+
; Estimated Total logic elements              ; 43             ;
;                                             ;                ;
; Total combinational functions               ; 35             ;
; Logic element usage by number of LUT inputs ;                ;
;     -- 4 input functions                    ; 11             ;
;     -- 3 input functions                    ; 3              ;
;     -- <=2 input functions                  ; 21             ;
;                                             ;                ;
; Logic elements by mode                      ;                ;
;     -- normal mode                          ; 27             ;
;     -- arithmetic mode                      ; 8              ;
;                                             ;                ;
; Total registers                             ; 35             ;
;     -- Dedicated logic registers            ; 35             ;
;     -- I/O registers                        ; 0              ;
;                                             ;                ;
; I/O pins                                    ; 23             ;
;                                             ;                ;
; Embedded Multiplier 9-bit elements          ; 0              ;
;                                             ;                ;
; Maximum fan-out node                        ; CLOCK_50~input ;
; Maximum fan-out                             ; 35             ;
; Total fan-out                               ; 223            ;
; Average fan-out                             ; 1.64           ;
+---------------------------------------------+----------------+


+----------------------------------------------------------------------------------------------------------------------------------------------------------------------------------------------------------------------------------------------------------------------------------------------------------------------------+
; Analysis & Synthesis Resource Utilization by Entity                                                                                                                                                                                                                                                                        ;
+----------------------------------------------+---------------------+---------------------------+-------------+------------+--------------+---------+-----------+------+--------------+------------+-------------------------------------------------------------------------------+-------------------------+--------------+
; Compilation Hierarchy Node                   ; Combinational ALUTs ; Dedicated Logic Registers ; Memory Bits ; UFM Blocks ; DSP Elements ; DSP 9x9 ; DSP 18x18 ; Pins ; Virtual Pins ; ADC blocks ; Full Hierarchy Name                                                           ; Entity Name             ; Library Name ;
+----------------------------------------------+---------------------+---------------------------+-------------+------------+--------------+---------+-----------+------+--------------+------------+-------------------------------------------------------------------------------+-------------------------+--------------+
; |SerialAudioTransmission                     ; 35 (2)              ; 35 (6)                    ; 0           ; 0          ; 0            ; 0       ; 0         ; 23   ; 0            ; 0          ; |SerialAudioTransmission                                                      ; SerialAudioTransmission ; work         ;
;    |UART_TX:UART_TX|                         ; 33 (12)             ; 29 (12)                   ; 0           ; 0          ; 0            ; 0       ; 0         ; 0    ; 0            ; 0          ; |SerialAudioTransmission|UART_TX:UART_TX                                      ; UART_TX                 ; work         ;
;       |PISO_ShiftRegister:TX_Shift_Register| ; 8 (8)               ; 7 (7)                     ; 0           ; 0          ; 0            ; 0       ; 0         ; 0    ; 0            ; 0          ; |SerialAudioTransmission|UART_TX:UART_TX|PISO_ShiftRegister:TX_Shift_Register ; PISO_ShiftRegister      ; work         ;
;       |Timer_2_17us:UART_Timer|              ; 13 (13)             ; 10 (10)                   ; 0           ; 0          ; 0            ; 0       ; 0         ; 0    ; 0            ; 0          ; |SerialAudioTransmission|UART_TX:UART_TX|Timer_2_17us:UART_Timer              ; Timer_2_17us            ; work         ;
+----------------------------------------------+---------------------+---------------------------+-------------+------------+--------------+---------+-----------+------+--------------+------------+-------------------------------------------------------------------------------+-------------------------+--------------+
Note: For table entries with two numbers listed, the numbers in parentheses indicate the number of resources of the given type used by the specific entity alone. The numbers listed outside of parentheses indicate the total resources of the given type used by the specific entity and all of its sub-entities in the hierarchy.


Encoding Type:  One-Hot
+-------------------------------------------------------------------------------------------------------------------------------+
; State Machine - |SerialAudioTransmission|UART_TX:UART_TX|Next_State                                                           ;
+-------------------------+-------------------------+------------------------+-------------------------+------------------------+
; Name                    ; Next_State.sm_Yes_Shift ; Next_State.sm_No_Shift ; Next_State.sm_Start_Bit ; Next_State.sm_Stop_Bit ;
+-------------------------+-------------------------+------------------------+-------------------------+------------------------+
; Next_State.sm_Stop_Bit  ; 0                       ; 0                      ; 0                       ; 0                      ;
; Next_State.sm_Start_Bit ; 0                       ; 0                      ; 1                       ; 1                      ;
; Next_State.sm_No_Shift  ; 0                       ; 1                      ; 0                       ; 1                      ;
; Next_State.sm_Yes_Shift ; 1                       ; 0                      ; 0                       ; 1                      ;
+-------------------------+-------------------------+------------------------+-------------------------+------------------------+


Encoding Type:  One-Hot
+------------------------------------------------------------------------------------------------------+
; State Machine - |SerialAudioTransmission|UART_TX:UART_TX|State                                       ;
+--------------------+--------------------+-------------------+--------------------+-------------------+
; Name               ; State.sm_Yes_Shift ; State.sm_No_Shift ; State.sm_Start_Bit ; State.sm_Stop_Bit ;
+--------------------+--------------------+-------------------+--------------------+-------------------+
; State.sm_Stop_Bit  ; 0                  ; 0                 ; 0                  ; 0                 ;
; State.sm_Start_Bit ; 0                  ; 0                 ; 1                  ; 1                 ;
; State.sm_No_Shift  ; 0                  ; 1                 ; 0                  ; 1                 ;
; State.sm_Yes_Shift ; 1                  ; 0                 ; 0                  ; 1                 ;
+--------------------+--------------------+-------------------+--------------------+-------------------+


+-------------------------------------------------------------------------------------------------------------+
; Registers Removed During Synthesis                                                                          ;
+--------------------------------------------------------------------+----------------------------------------+
; Register name                                                      ; Reason for Removal                     ;
+--------------------------------------------------------------------+----------------------------------------+
; UART_TX:UART_TX|PISO_ShiftRegister:TX_Shift_Register|Shift_Data[7] ; Stuck at VCC due to stuck port data_in ;
; UART_TX:UART_TX|Next_State~4                                       ; Lost fanout                            ;
; UART_TX:UART_TX|Next_State~5                                       ; Lost fanout                            ;
; UART_TX:UART_TX|State~2                                            ; Lost fanout                            ;
; UART_TX:UART_TX|State~3                                            ; Lost fanout                            ;
; Total Number of Removed Registers = 5                              ;                                        ;
+--------------------------------------------------------------------+----------------------------------------+


+------------------------------------------------------+
; General Register Statistics                          ;
+----------------------------------------------+-------+
; Statistic                                    ; Value ;
+----------------------------------------------+-------+
; Total registers                              ; 35    ;
; Number of registers using Synchronous Clear  ; 9     ;
; Number of registers using Synchronous Load   ; 0     ;
; Number of registers using Asynchronous Clear ; 0     ;
; Number of registers using Asynchronous Load  ; 0     ;
; Number of registers using Clock Enable       ; 6     ;
; Number of registers using Preset             ; 0     ;
+----------------------------------------------+-------+


+-----------------------------------------------------------------------------------------------------------------------------------------------------------------------------------------------------------+
; Multiplexer Restructuring Statistics (Restructuring Performed)                                                                                                                                            ;
+--------------------+-----------+---------------+----------------------+------------------------+------------+---------------------------------------------------------------------------------------------+
; Multiplexer Inputs ; Bus Width ; Baseline Area ; Area if Restructured ; Saving if Restructured ; Registered ; Example Multiplexer Output                                                                  ;
+--------------------+-----------+---------------+----------------------+------------------------+------------+---------------------------------------------------------------------------------------------+
; 3:1                ; 9 bits    ; 18 LEs        ; 9 LEs                ; 9 LEs                  ; Yes        ; |SerialAudioTransmission|UART_TX:UART_TX|Timer_2_17us:UART_Timer|Count[8]                   ;
; 3:1                ; 6 bits    ; 12 LEs        ; 6 LEs                ; 6 LEs                  ; Yes        ; |SerialAudioTransmission|UART_TX:UART_TX|PISO_ShiftRegister:TX_Shift_Register|Shift_Data[0] ;
+--------------------+-----------+---------------+----------------------+------------------------+------------+---------------------------------------------------------------------------------------------+


+-----------------------------------------------------------------------------------------+
; Parameter Settings for User Entity Instance: Top-level Entity: |SerialAudioTransmission ;
+----------------+----------+-------------------------------------------------------------+
; Parameter Name ; Value    ; Type                                                        ;
+----------------+----------+-------------------------------------------------------------+
; Test_Data      ; 10000010 ; Unsigned Binary                                             ;
+----------------+----------+-------------------------------------------------------------+
Note: In order to hide this table in the UI and the text report file, please set the "Show Parameter Settings in Synthesis Report" option in "Analysis and Synthesis Settings -> More Settings" to "Off".


+--------------------------------------------------------------+
; Parameter Settings for User Entity Instance: UART_TX:UART_TX ;
+----------------+-------+-------------------------------------+
; Parameter Name ; Value ; Type                                ;
+----------------+-------+-------------------------------------+
; sm_Stop_Bit    ; 00    ; Unsigned Binary                     ;
; sm_Start_Bit   ; 01    ; Unsigned Binary                     ;
; sm_No_Shift    ; 10    ; Unsigned Binary                     ;
; sm_Yes_Shift   ; 11    ; Unsigned Binary                     ;
+----------------+-------+-------------------------------------+
Note: In order to hide this table in the UI and the text report file, please set the "Show Parameter Settings in Synthesis Report" option in "Analysis and Synthesis Settings -> More Settings" to "Off".


+--------------------------------------------------------------------------------------------------------------------------------------------------------------------------------------------------------+
; Port Connectivity Checks: "UART_TX:UART_TX|PISO_ShiftRegister:TX_Shift_Register"                                                                                                                       ;
+------------+--------+----------+-----------------------------------------------------------------------------------------------------------------------------------------------------------------------+
; Port       ; Type   ; Severity ; Details                                                                                                                                                               ;
+------------+--------+----------+-----------------------------------------------------------------------------------------------------------------------------------------------------------------------+
; Serial_Out ; Output ; Warning  ; Output or bidir port (1 bits) is smaller than the port expression (8 bits) it drives.  The 7 most-significant bit(s) in the port expression will be connected to GND. ;
+------------+--------+----------+-----------------------------------------------------------------------------------------------------------------------------------------------------------------------+


+----------------------------------------------------+
; Port Connectivity Checks: "UART_TX:UART_TX"        ;
+------------------+-------+----------+--------------+
; Port             ; Type  ; Severity ; Details      ;
+------------------+-------+----------+--------------+
; Input_Data[6..2] ; Input ; Info     ; Stuck at GND ;
; Input_Data[7]    ; Input ; Info     ; Stuck at VCC ;
; Input_Data[1]    ; Input ; Info     ; Stuck at VCC ;
; Input_Data[0]    ; Input ; Info     ; Stuck at GND ;
; Reset            ; Input ; Info     ; Stuck at GND ;
+------------------+-------+----------+--------------+


+-----------------------------------------------------+
; Post-Synthesis Netlist Statistics for Top Partition ;
+-----------------------+-----------------------------+
; Type                  ; Count                       ;
+-----------------------+-----------------------------+
; boundary_port         ; 23                          ;
; cycloneiii_ff         ; 35                          ;
;     ENA               ; 6                           ;
;     SCLR              ; 9                           ;
;     plain             ; 20                          ;
; cycloneiii_io_obuf    ; 20                          ;
; cycloneiii_lcell_comb ; 35                          ;
;     arith             ; 8                           ;
;         2 data inputs ; 8                           ;
;     normal            ; 27                          ;
;         1 data inputs ; 1                           ;
;         2 data inputs ; 12                          ;
;         3 data inputs ; 3                           ;
;         4 data inputs ; 11                          ;
;                       ;                             ;
; Max LUT depth         ; 4.00                        ;
; Average LUT depth     ; 1.27                        ;
+-----------------------+-----------------------------+


+-------------------------------+
; Elapsed Time Per Partition    ;
+----------------+--------------+
; Partition Name ; Elapsed Time ;
+----------------+--------------+
; Top            ; 00:00:00     ;
+----------------+--------------+


+-------------------------------+
; Analysis & Synthesis Messages ;
+-------------------------------+
Info: *******************************************************************
Info: Running Quartus Prime Analysis & Synthesis
    Info: Version 20.1.1 Build 720 11/11/2020 SJ Lite Edition
    Info: Processing started: Thu Jun 05 11:14:09 2025
Info: Command: quartus_map --read_settings_files=on --write_settings_files=off SerialAudioTransmission -c SerialAudioTransmission
Warning (18236): Number of processors has not been specified which may cause overloading on shared machines.  Set the global assignment NUM_PARALLEL_PROCESSORS in your QSF to an appropriate value for best performance.
Info (20030): Parallel compilation is enabled and will use 12 of the 12 processors detected
Info (12021): Found 1 design units, including 1 entities, in source file /school/side learning/personal fpga/serialaudiotransmission/uart_tx.v
    Info (12023): Found entity 1: UART_TX File: D:/School/Side Learning/Personal FPGA/SerialAudioTransmission/UART_TX.v Line: 4
Info (12021): Found 1 design units, including 1 entities, in source file /school/side learning/personal fpga/serialaudiotransmission/timer_2_17us.v
    Info (12023): Found entity 1: Timer_2_17us File: D:/School/Side Learning/Personal FPGA/SerialAudioTransmission/Timer_2_17us.v Line: 3
Info (12021): Found 1 design units, including 1 entities, in source file /school/side learning/personal fpga/serialaudiotransmission/sipo_shiftregister.v
    Info (12023): Found entity 1: SIPO_ShiftRegister File: D:/School/Side Learning/Personal FPGA/SerialAudioTransmission/SIPO_ShiftRegister.v Line: 4
Info (12021): Found 1 design units, including 1 entities, in source file /school/side learning/personal fpga/serialaudiotransmission/piso_shiftregister.v
    Info (12023): Found entity 1: PISO_ShiftRegister File: D:/School/Side Learning/Personal FPGA/SerialAudioTransmission/PISO_ShiftRegister.v Line: 4
Info (12021): Found 1 design units, including 1 entities, in source file serialaudiotransmission.v
    Info (12023): Found entity 1: SerialAudioTransmission File: D:/School/Side Learning/Personal FPGA/SerialAudioTransmission/.gitignore/SerialAudioTransmission.v Line: 3
Warning (10236): Verilog HDL Implicit Net warning at SerialAudioTransmission.v(12): created implicit net for "Signal" File: D:/School/Side Learning/Personal FPGA/SerialAudioTransmission/.gitignore/SerialAudioTransmission.v Line: 12
Warning (10236): Verilog HDL Implicit Net warning at SerialAudioTransmission.v(13): created implicit net for "Signal2" File: D:/School/Side Learning/Personal FPGA/SerialAudioTransmission/.gitignore/SerialAudioTransmission.v Line: 13
Info (12127): Elaborating entity "SerialAudioTransmission" for the top level hierarchy
Info (12128): Elaborating entity "UART_TX" for hierarchy "UART_TX:UART_TX" File: D:/School/Side Learning/Personal FPGA/SerialAudioTransmission/.gitignore/SerialAudioTransmission.v Line: 31
Warning (10230): Verilog HDL assignment warning at UART_TX.v(59): truncated value with size 32 to match size of target (4) File: D:/School/Side Learning/Personal FPGA/SerialAudioTransmission/UART_TX.v Line: 59
Info (10264): Verilog HDL Case Statement information at UART_TX.v(58): all case item expressions in this case statement are onehot File: D:/School/Side Learning/Personal FPGA/SerialAudioTransmission/UART_TX.v Line: 58
Info (12128): Elaborating entity "Timer_2_17us" for hierarchy "UART_TX:UART_TX|Timer_2_17us:UART_Timer" File: D:/School/Side Learning/Personal FPGA/SerialAudioTransmission/UART_TX.v Line: 29
Info (12128): Elaborating entity "PISO_ShiftRegister" for hierarchy "UART_TX:UART_TX|PISO_ShiftRegister:TX_Shift_Register" File: D:/School/Side Learning/Personal FPGA/SerialAudioTransmission/UART_TX.v Line: 41
Warning (12241): 1 hierarchies have connectivity warnings - see the Connectivity Checks report folder
Warning (13034): The following nodes have both tri-state and non-tri-state drivers
    Warning (13035): Inserted always-enabled tri-state buffer between "GPIO[0]" and its non-tri-state driver. File: D:/School/Side Learning/Personal FPGA/SerialAudioTransmission/.gitignore/SerialAudioTransmission.v Line: 5
Warning (13039): The following bidirectional pins have no drivers
    Warning (13040): bidirectional pin "GPIO[1]" has no driver File: D:/School/Side Learning/Personal FPGA/SerialAudioTransmission/.gitignore/SerialAudioTransmission.v Line: 5
    Warning (13040): bidirectional pin "GPIO[2]" has no driver File: D:/School/Side Learning/Personal FPGA/SerialAudioTransmission/.gitignore/SerialAudioTransmission.v Line: 5
    Warning (13040): bidirectional pin "GPIO[3]" has no driver File: D:/School/Side Learning/Personal FPGA/SerialAudioTransmission/.gitignore/SerialAudioTransmission.v Line: 5
    Warning (13040): bidirectional pin "GPIO[4]" has no driver File: D:/School/Side Learning/Personal FPGA/SerialAudioTransmission/.gitignore/SerialAudioTransmission.v Line: 5
    Warning (13040): bidirectional pin "GPIO[5]" has no driver File: D:/School/Side Learning/Personal FPGA/SerialAudioTransmission/.gitignore/SerialAudioTransmission.v Line: 5
    Warning (13040): bidirectional pin "GPIO[6]" has no driver File: D:/School/Side Learning/Personal FPGA/SerialAudioTransmission/.gitignore/SerialAudioTransmission.v Line: 5
    Warning (13040): bidirectional pin "GPIO[7]" has no driver File: D:/School/Side Learning/Personal FPGA/SerialAudioTransmission/.gitignore/SerialAudioTransmission.v Line: 5
    Warning (13040): bidirectional pin "GPIO[8]" has no driver File: D:/School/Side Learning/Personal FPGA/SerialAudioTransmission/.gitignore/SerialAudioTransmission.v Line: 5
    Warning (13040): bidirectional pin "GPIO[9]" has no driver File: D:/School/Side Learning/Personal FPGA/SerialAudioTransmission/.gitignore/SerialAudioTransmission.v Line: 5
    Warning (13040): bidirectional pin "GPIO[10]" has no driver File: D:/School/Side Learning/Personal FPGA/SerialAudioTransmission/.gitignore/SerialAudioTransmission.v Line: 5
    Warning (13040): bidirectional pin "GPIO[11]" has no driver File: D:/School/Side Learning/Personal FPGA/SerialAudioTransmission/.gitignore/SerialAudioTransmission.v Line: 5
    Warning (13040): bidirectional pin "GPIO[12]" has no driver File: D:/School/Side Learning/Personal FPGA/SerialAudioTransmission/.gitignore/SerialAudioTransmission.v Line: 5
    Warning (13040): bidirectional pin "GPIO[13]" has no driver File: D:/School/Side Learning/Personal FPGA/SerialAudioTransmission/.gitignore/SerialAudioTransmission.v Line: 5
    Warning (13040): bidirectional pin "GPIO[14]" has no driver File: D:/School/Side Learning/Personal FPGA/SerialAudioTransmission/.gitignore/SerialAudioTransmission.v Line: 5
    Warning (13040): bidirectional pin "GPIO[15]" has no driver File: D:/School/Side Learning/Personal FPGA/SerialAudioTransmission/.gitignore/SerialAudioTransmission.v Line: 5
    Warning (13040): bidirectional pin "GPIO[16]" has no driver File: D:/School/Side Learning/Personal FPGA/SerialAudioTransmission/.gitignore/SerialAudioTransmission.v Line: 5
    Warning (13040): bidirectional pin "GPIO[17]" has no driver File: D:/School/Side Learning/Personal FPGA/SerialAudioTransmission/.gitignore/SerialAudioTransmission.v Line: 5
    Warning (13040): bidirectional pin "GPIO[18]" has no driver File: D:/School/Side Learning/Personal FPGA/SerialAudioTransmission/.gitignore/SerialAudioTransmission.v Line: 5
    Warning (13040): bidirectional pin "GPIO[19]" has no driver File: D:/School/Side Learning/Personal FPGA/SerialAudioTransmission/.gitignore/SerialAudioTransmission.v Line: 5
Warning (13009): TRI or OPNDRN buffers permanently enabled
    Warning (13010): Node "GPIO[0]~synth" File: D:/School/Side Learning/Personal FPGA/SerialAudioTransmission/.gitignore/SerialAudioTransmission.v Line: 5
Info (286030): Timing-Driven Synthesis is running
Info (17049): 4 registers lost all their fanouts during netlist optimizations.
Info (16010): Generating hard_block partition "hard_block:auto_generated_inst"
    Info (16011): Adding 0 node(s), including 0 DDIO, 0 PLL, 0 transceiver and 0 LCELL
Info (21057): Implemented 67 device resources after synthesis - the final resource count might be different
    Info (21058): Implemented 3 input pins
    Info (21059): Implemented 0 output pins
    Info (21060): Implemented 20 bidirectional pins
    Info (21061): Implemented 44 logic cells
Info: Quartus Prime Analysis & Synthesis was successful. 0 errors, 29 warnings
    Info: Peak virtual memory: 4817 megabytes
    Info: Processing ended: Thu Jun 05 11:14:15 2025
    Info: Elapsed time: 00:00:06
    Info: Total CPU time (on all processors): 00:00:13


